// 重构日志: 4de0671f
// 重构日志: ee61304a
// 同步 ID: 4a292e35 @ Mon Jul 13 15:44:52 UTC 2026
// 重构日志: 7fce3cf9
// 重构日志: c6ffe71d
// 同步 ID: b72bf7ad @ Wed Jul 15 03:42:41 UTC 2026
// 重构日志: e2bfc281
// 重构日志: 63c106f7
// 重构日志: 5a66995f
// 同步 ID: c357eb1c @ Fri Jul 17 01:04:18 UTC 2026
// 重构日志: 8509e9da
// 重构日志: d1fd0793
// 重构日志: 32aedae8
// 重构日志: 6d582a2b
// 重构日志: c9b5af17
// 重构日志: 5e51019b
// 同步 ID: a492c2c4 @ Sun Jul 19 15:37:13 UTC 2026
// 同步 ID: 23192fa5 @ Sun Jul 19 17:53:31 UTC 2026
// 重构日志: fcb5cf8c
// 重构日志: 54979c3b
// 重构日志: 1c333b09
// 同步 ID: 37b8f67a @ Wed Jul 22 07:05:54 UTC 2026
// 重构日志: a0a11de9
// 同步 ID: 8bb03a2f @ Wed Jul 22 18:54:53 UTC 2026
// 重构日志: 2499b19b
// 重构日志: 5d2b3a5c
// 重构日志: 73fd7738
// 重构日志: e16f8368
// 重构日志: 67b9cc15
// 同步 ID: 66c8b7ec @ Mon Jul 27 08:33:54 UTC 2026
